[ 18%] Built target saltro
[ 52%] Built target Catch2
[ 52%] Built target debug_generate_orbit
[ 54%] Built target debug_integratedbdotcontroller_mc
[ 54%] Built target debug_satellite
[ 55%] Built target Catch2WithMain
[ 55%] Built target math_test_mrp
[ 58%] Built target math_test_angles
[ 58%] Built target math_test_matrix
[ 58%] Built target math_test_frames
[ 58%] Built target math_test_quaternion
[ 58%] Built target optimizer_test_forwardpass
[ 59%] Built target optimizer_test_alilqr
[ 60%] Built target optimizer_test_forwardpass_al
[ 60%] Built target optimizer_test_backwardpass
[ 61%] Built target optimizer_test_backwardpass_al
[ 77%] Built target saltro_py
[ 78%] Built target orbit_generation_density_test_compute_density_harrispriester
[ 78%] Built target orbit_generation_eclipse_test_compute_eclipse_penumbra
[ 78%] Built target optimizer_test_warm_start
[ 79%] Built target optimizer_test_tvlqr_gains
[ 80%] Built target orbit_generation_eclipse_test_compute_eclipse_cylinder
[ 81%] Built target orbit_generation_magnetics_test_compute_magnetic_dipole
[ 81%] Built target orbit_generation_magnetics_test_compute_magnetic_igrf8
[ 83%] Built target orbit_generation_sun_test_compute_sun_noaa
[ 84%] Built target orbit_generation_magnetics_test_compute_magnetic_igrf13
[ 84%] Built target orbit_generation_orbits_test_compute_orbit_keplerian
[ 84%] Built target orbit_generation_orbits_test_compute_orbit_J2_RK4
[ 85%] Built target orbit_generation_sun_test_compute_sun_nrelspa
[ 87%] Built target orbit_generation_test_generate_orbit
[ 87%] Built target pybind_actuators_test_RW
[ 87%] Built target pybind_actuators_test_MTQ
[ 87%] Built target pybind_actuators_test_Magic
[ 88%] Built target pybind_actuators_test_actuator
[ 89%] Built target pybind_controllers_test_integratedbdotcontroller
[ 89%] Built target pybind_disturbances_test_ggdisturbance
[ 90%] Built target pybind_disturbances_test_dragdisturbance
[ 92%] Built target pybind_disturbances_test_srpdisturbance
[ 92%] Built target pybind_disturbances_test_geometryconfig
[ 92%] Built target pybind_controllers_test_pdcontroller
[ 93%] Built target pybind_test_satellite
[ 93%] Built target pybind_test_satellite_constraints
[ 94%] Built target pybind_test_satellite_disturbances
[ 94%] Built target pybind_test_satellite_dynamics
[ 95%] Built target validation_test_validate_boresight
[ 96%] Built target pybind_test_satellite_cost
[ 96%] Built target validation_test_validate_initialstate
[ 99%] Built target validation_test_validate_juliantime
[ 99%] Built target validation_test_validate_qgoal
[ 99%] Built target validation_test_validate_orbitstate
[100%] Built target validation_test_validate_plannersettings
[100%] Built target validation_test_validate_satellite
